-- The C compiler identification is GNU 13.3.0
-- The CXX compiler identification is GNU 13.3.0
-- Detecting C compiler ABI info
-- Detecting C compiler ABI info - done
-- Check for working C compiler: /usr/bin/cc - skipped
-- Detecting C compile features
-- Detecting C compile features - done
-- Detecting CXX compiler ABI info
-- Detecting CXX compiler ABI info - done
-- Check for working CXX compiler: /usr/bin/c++ - skipped
-- Detecting CXX compile features
-- Detecting CXX compile features - done
-- Found ament_cmake: 2.5.6 (/opt/ros/jazzy/share/ament_cmake/cmake)
-- Found Python3: /usr/bin/python3 (found version "3.12.3") found components: Interpreter 
-- Override CMake install command with custom implementation using symlinks instead of copying resources
-- Found ament_lint_auto: 0.17.5 (/opt/ros/jazzy/share/ament_lint_auto/cmake)
-- Added test 'flake8' to check Python code syntax and style conventions
-- Configured 'flake8' exclude dirs and/or files: 
-- Added test 'lint_cmake' to check CMake code style
-- Added test 'pep257' to check Python code against some of the docstring style conventions in PEP 257
-- Added test 'xmllint' to check XML markup files
-- Configuring done (0.9s)
-- Generating done (0.0s)
-- Build files have been written to: /home/legion5/ros2_ws/src/build/bi_pedal_a1
-- Install configuration: ""
-- Execute custom install script
-- Symlinking: /home/legion5/ros2_ws/src/install/bi_pedal_a1/share/bi_pedal_a1/config/rviz_rsp.rviz
-- Symlinking: /home/legion5/ros2_ws/src/install/bi_pedal_a1/share/bi_pedal_a1/urdf/robot.urdf.xacro
-- Symlinking: /home/legion5/ros2_ws/src/install/bi_pedal_a1/share/bi_pedal_a1/urdf/robot_core.xacro
-- Symlinking: /home/legion5/ros2_ws/src/install/bi_pedal_a1/share/bi_pedal_a1/launch/rsp.launch.py
-- Symlinking: /home/legion5/ros2_ws/src/install/bi_pedal_a1/share/bi_pedal_a1/launch/rviz_sim.launch.py
-- Symlinking: /home/legion5/ros2_ws/src/install/bi_pedal_a1/share/bi_pedal_a1/meshes/base_link.stl
-- Symlinking: /home/legion5/ros2_ws/src/install/bi_pedal_a1/share/bi_pedal_a1/meshes/left_foot.stl
-- Symlinking: /home/legion5/ros2_ws/src/install/bi_pedal_a1/share/bi_pedal_a1/meshes/left_hip.stl
-- Symlinking: /home/legion5/ros2_ws/src/install/bi_pedal_a1/share/bi_pedal_a1/meshes/left_shin.stl
-- Symlinking: /home/legion5/ros2_ws/src/install/bi_pedal_a1/share/bi_pedal_a1/meshes/left_thigh.stl
-- Symlinking: /home/legion5/ros2_ws/src/install/bi_pedal_a1/share/bi_pedal_a1/meshes/right_foot.stl
-- Symlinking: /home/legion5/ros2_ws/src/install/bi_pedal_a1/share/bi_pedal_a1/meshes/right_hip.stl
-- Symlinking: /home/legion5/ros2_ws/src/install/bi_pedal_a1/share/bi_pedal_a1/meshes/right_shin.stl
-- Symlinking: /home/legion5/ros2_ws/src/install/bi_pedal_a1/share/bi_pedal_a1/meshes/right_thigh.stl
-- Symlinking: /home/legion5/ros2_ws/src/install/bi_pedal_a1/share/ament_index/resource_index/package_run_dependencies/bi_pedal_a1
-- Symlinking: /home/legion5/ros2_ws/src/install/bi_pedal_a1/share/ament_index/resource_index/parent_prefix_path/bi_pedal_a1
-- Symlinking: /home/legion5/ros2_ws/src/install/bi_pedal_a1/share/bi_pedal_a1/environment/ament_prefix_path.sh
-- Symlinking: /home/legion5/ros2_ws/src/install/bi_pedal_a1/share/bi_pedal_a1/environment/ament_prefix_path.dsv
-- Symlinking: /home/legion5/ros2_ws/src/install/bi_pedal_a1/share/bi_pedal_a1/environment/path.sh
-- Symlinking: /home/legion5/ros2_ws/src/install/bi_pedal_a1/share/bi_pedal_a1/environment/path.dsv
-- Symlinking: /home/legion5/ros2_ws/src/install/bi_pedal_a1/share/bi_pedal_a1/local_setup.bash
-- Symlinking: /home/legion5/ros2_ws/src/install/bi_pedal_a1/share/bi_pedal_a1/local_setup.sh
-- Symlinking: /home/legion5/ros2_ws/src/install/bi_pedal_a1/share/bi_pedal_a1/local_setup.zsh
-- Symlinking: /home/legion5/ros2_ws/src/install/bi_pedal_a1/share/bi_pedal_a1/local_setup.dsv
-- Symlinking: /home/legion5/ros2_ws/src/install/bi_pedal_a1/share/bi_pedal_a1/package.dsv
-- Symlinking: /home/legion5/ros2_ws/src/install/bi_pedal_a1/share/ament_index/resource_index/packages/bi_pedal_a1
-- Symlinking: /home/legion5/ros2_ws/src/install/bi_pedal_a1/share/bi_pedal_a1/cmake/bi_pedal_a1Config.cmake
-- Symlinking: /home/legion5/ros2_ws/src/install/bi_pedal_a1/share/bi_pedal_a1/cmake/bi_pedal_a1Config-version.cmake
-- Symlinking: /home/legion5/ros2_ws/src/install/bi_pedal_a1/share/bi_pedal_a1/package.xml
