[0.008s] Invoking command in '/home/legion5/ros2_ws/src/build/bi_pedal_a1': CMAKE_PREFIX_PATH=${CMAKE_PREFIX_PATH}:/opt/ros/jazzy /usr/bin/cmake /home/legion5/ros2_ws/src/bi_pedal_a1 -DAMENT_CMAKE_SYMLINK_INSTALL=1 -DCMAKE_INSTALL_PREFIX=/home/legion5/ros2_ws/src/install/bi_pedal_a1
[0.108s] -- The C compiler identification is GNU 13.3.0
[0.283s] -- The CXX compiler identification is GNU 13.3.0
[0.414s] -- Detecting C compiler ABI info
[0.523s] -- Detecting C compiler ABI info - done
[0.528s] -- Check for working C compiler: /usr/bin/cc - skipped
[0.529s] -- Detecting C compile features
[0.530s] -- Detecting C compile features - done
[0.552s] -- Detecting CXX compiler ABI info
[0.641s] -- Detecting CXX compiler ABI info - done
[0.647s] -- Check for working CXX compiler: /usr/bin/c++ - skipped
[0.647s] -- Detecting CXX compile features
[0.647s] -- Detecting CXX compile features - done
[0.658s] -- Found ament_cmake: 2.5.6 (/opt/ros/jazzy/share/ament_cmake/cmake)
[0.749s] -- Found Python3: /usr/bin/python3 (found version "3.12.3") found components: Interpreter 
[0.806s] -- Override CMake install command with custom implementation using symlinks instead of copying resources
[0.835s] -- Found ament_lint_auto: 0.17.5 (/opt/ros/jazzy/share/ament_lint_auto/cmake)
[0.908s] -- Added test 'flake8' to check Python code syntax and style conventions
[0.908s] -- Configured 'flake8' exclude dirs and/or files: 
[0.909s] -- Added test 'lint_cmake' to check CMake code style
[0.910s] -- Added test 'pep257' to check Python code against some of the docstring style conventions in PEP 257
[0.911s] -- Added test 'xmllint' to check XML markup files
[0.914s] -- Configuring done (0.9s)
[0.916s] -- Generating done (0.0s)
[0.917s] -- Build files have been written to: /home/legion5/ros2_ws/src/build/bi_pedal_a1
[0.921s] Invoked command in '/home/legion5/ros2_ws/src/build/bi_pedal_a1' returned '0': CMAKE_PREFIX_PATH=${CMAKE_PREFIX_PATH}:/opt/ros/jazzy /usr/bin/cmake /home/legion5/ros2_ws/src/bi_pedal_a1 -DAMENT_CMAKE_SYMLINK_INSTALL=1 -DCMAKE_INSTALL_PREFIX=/home/legion5/ros2_ws/src/install/bi_pedal_a1
[0.921s] Invoking command in '/home/legion5/ros2_ws/src/build/bi_pedal_a1': CMAKE_PREFIX_PATH=${CMAKE_PREFIX_PATH}:/opt/ros/jazzy /usr/bin/cmake --build /home/legion5/ros2_ws/src/build/bi_pedal_a1 -- -j32 -l32
[0.941s] Invoked command in '/home/legion5/ros2_ws/src/build/bi_pedal_a1' returned '0': CMAKE_PREFIX_PATH=${CMAKE_PREFIX_PATH}:/opt/ros/jazzy /usr/bin/cmake --build /home/legion5/ros2_ws/src/build/bi_pedal_a1 -- -j32 -l32
[0.946s] Invoking command in '/home/legion5/ros2_ws/src/build/bi_pedal_a1': CMAKE_PREFIX_PATH=${CMAKE_PREFIX_PATH}:/opt/ros/jazzy /usr/bin/cmake --install /home/legion5/ros2_ws/src/build/bi_pedal_a1
[0.950s] -- Install configuration: ""
[0.950s] -- Execute custom install script
[0.951s] -- Symlinking: /home/legion5/ros2_ws/src/install/bi_pedal_a1/share/bi_pedal_a1/config/rviz_rsp.rviz
[0.956s] -- Symlinking: /home/legion5/ros2_ws/src/install/bi_pedal_a1/share/bi_pedal_a1/urdf/robot.urdf.xacro
[0.960s] -- Symlinking: /home/legion5/ros2_ws/src/install/bi_pedal_a1/share/bi_pedal_a1/urdf/robot_core.xacro
[0.965s] -- Symlinking: /home/legion5/ros2_ws/src/install/bi_pedal_a1/share/bi_pedal_a1/launch/rsp.launch.py
[0.969s] -- Symlinking: /home/legion5/ros2_ws/src/install/bi_pedal_a1/share/bi_pedal_a1/launch/rviz_sim.launch.py
[0.974s] -- Symlinking: /home/legion5/ros2_ws/src/install/bi_pedal_a1/share/bi_pedal_a1/meshes/base_link.stl
[0.979s] -- Symlinking: /home/legion5/ros2_ws/src/install/bi_pedal_a1/share/bi_pedal_a1/meshes/left_foot.stl
[0.983s] -- Symlinking: /home/legion5/ros2_ws/src/install/bi_pedal_a1/share/bi_pedal_a1/meshes/left_hip.stl
[0.987s] -- Symlinking: /home/legion5/ros2_ws/src/install/bi_pedal_a1/share/bi_pedal_a1/meshes/left_shin.stl
[0.991s] -- Symlinking: /home/legion5/ros2_ws/src/install/bi_pedal_a1/share/bi_pedal_a1/meshes/left_thigh.stl
[0.995s] -- Symlinking: /home/legion5/ros2_ws/src/install/bi_pedal_a1/share/bi_pedal_a1/meshes/right_foot.stl
[0.999s] -- Symlinking: /home/legion5/ros2_ws/src/install/bi_pedal_a1/share/bi_pedal_a1/meshes/right_hip.stl
[1.004s] -- Symlinking: /home/legion5/ros2_ws/src/install/bi_pedal_a1/share/bi_pedal_a1/meshes/right_shin.stl
[1.007s] -- Symlinking: /home/legion5/ros2_ws/src/install/bi_pedal_a1/share/bi_pedal_a1/meshes/right_thigh.stl
[1.012s] -- Symlinking: /home/legion5/ros2_ws/src/install/bi_pedal_a1/share/ament_index/resource_index/package_run_dependencies/bi_pedal_a1
[1.018s] -- Symlinking: /home/legion5/ros2_ws/src/install/bi_pedal_a1/share/ament_index/resource_index/parent_prefix_path/bi_pedal_a1
[1.023s] -- Symlinking: /home/legion5/ros2_ws/src/install/bi_pedal_a1/share/bi_pedal_a1/environment/ament_prefix_path.sh
[1.027s] -- Symlinking: /home/legion5/ros2_ws/src/install/bi_pedal_a1/share/bi_pedal_a1/environment/ament_prefix_path.dsv
[1.032s] -- Symlinking: /home/legion5/ros2_ws/src/install/bi_pedal_a1/share/bi_pedal_a1/environment/path.sh
[1.036s] -- Symlinking: /home/legion5/ros2_ws/src/install/bi_pedal_a1/share/bi_pedal_a1/environment/path.dsv
[1.040s] -- Symlinking: /home/legion5/ros2_ws/src/install/bi_pedal_a1/share/bi_pedal_a1/local_setup.bash
[1.044s] -- Symlinking: /home/legion5/ros2_ws/src/install/bi_pedal_a1/share/bi_pedal_a1/local_setup.sh
[1.048s] -- Symlinking: /home/legion5/ros2_ws/src/install/bi_pedal_a1/share/bi_pedal_a1/local_setup.zsh
[1.053s] -- Symlinking: /home/legion5/ros2_ws/src/install/bi_pedal_a1/share/bi_pedal_a1/local_setup.dsv
[1.057s] -- Symlinking: /home/legion5/ros2_ws/src/install/bi_pedal_a1/share/bi_pedal_a1/package.dsv
[1.061s] -- Symlinking: /home/legion5/ros2_ws/src/install/bi_pedal_a1/share/ament_index/resource_index/packages/bi_pedal_a1
[1.065s] -- Symlinking: /home/legion5/ros2_ws/src/install/bi_pedal_a1/share/bi_pedal_a1/cmake/bi_pedal_a1Config.cmake
[1.070s] -- Symlinking: /home/legion5/ros2_ws/src/install/bi_pedal_a1/share/bi_pedal_a1/cmake/bi_pedal_a1Config-version.cmake
[1.074s] -- Symlinking: /home/legion5/ros2_ws/src/install/bi_pedal_a1/share/bi_pedal_a1/package.xml
[1.079s] Invoked command in '/home/legion5/ros2_ws/src/build/bi_pedal_a1' returned '0': CMAKE_PREFIX_PATH=${CMAKE_PREFIX_PATH}:/opt/ros/jazzy /usr/bin/cmake --install /home/legion5/ros2_ws/src/build/bi_pedal_a1
